 
****************************************
Report : timing
        -path full
        -delay min
        -max_paths 1
Design : fft_top
Version: V-2023.12-SP5-4
Date   : Thu Aug 28 10:54:53 2025
****************************************

 # A fanout number of 1000 was used for high fanout net computations.

Operating Conditions: TT_0P80V_0P00V_0P00V_0P00V_25C   Library: GF22FDX_SC7P5T_116CPP_BASE_CSC20L_TT_0P80V_0P00V_0P00V_0P00V_25C
Wire Load Model Mode: enclosed

  Startpoint: U_BF_0/U_BF_0_0/U_SHIFT_REG_IM_0_0/shift_din_reg_2__6_
              (rising edge-triggered flip-flop clocked by cnt_clk)
  Endpoint: U_BF_0/U_BF_0_0/U_SHIFT_REG_IM_0_0/shift_din_reg_18__6_
            (rising edge-triggered flip-flop clocked by cnt_clk)
  Path Group: cnt_clk
  Path Type: min

  Point                                                   Incr       Path
  --------------------------------------------------------------------------
  clock cnt_clk (rise edge)                               0.00       0.00
  clock network delay (ideal)                             0.00       0.00
  U_BF_0/U_BF_0_0/U_SHIFT_REG_IM_0_0/shift_din_reg_2__6_/CLK (SC7P5T_SDFFRQX1_A_CSC20L)
                                                          0.00 #     0.00 r
  U_BF_0/U_BF_0_0/U_SHIFT_REG_IM_0_0/shift_din_reg_2__6_/Q (SC7P5T_SDFFRQX1_A_CSC20L)
                                                         36.64      36.64 f
  U_BF_0/U_BF_0_0/U_SHIFT_REG_IM_0_0/shift_din_reg_18__6_/D (SC7P5T_DFFRQX1_AS_CSC20L)
                                                          0.00      36.64 f
  data arrival time                                                 36.64

  clock cnt_clk (rise edge)                               0.00       0.00
  clock network delay (ideal)                             0.00       0.00
  clock uncertainty                                       0.10       0.10
  U_BF_0/U_BF_0_0/U_SHIFT_REG_IM_0_0/shift_din_reg_18__6_/CLK (SC7P5T_DFFRQX1_AS_CSC20L)
                                                          0.00       0.10 r
  library hold time                                      11.25      11.35
  data required time                                                11.35
  --------------------------------------------------------------------------
  data required time                                                11.35
  data arrival time                                                -36.64
  --------------------------------------------------------------------------
  slack (MET)                                                       25.29


1
